
> frontend@0.0.0 build
> tsc -b && vite build

src/components/dashboard/InventoryCategoryChart.tsx(1,1): error TS6133: 'React' is declared but its value is never read.
src/components/dashboard/InventoryCategoryChart.tsx(33,26): error TS6133: 'entry' is declared but its value is never read.
src/components/dashboard/InventoryCategoryChart.tsx(39,15): error TS2322: Type '(value: number) => [string, undefined]' is not assignable to type 'Formatter<ValueType, NameType> & ((value: ValueType, name: NameType, item: TooltipPayloadEntry, index: number, payload: TooltipPayload) => ReactNode | [...])'.
  Type '(value: number) => [string, undefined]' is not assignable to type 'Formatter<ValueType, NameType>'.
    Types of parameters 'value' and 'value' are incompatible.
      Type 'ValueType | undefined' is not assignable to type 'number'.
        Type 'undefined' is not assignable to type 'number'.
src/components/dashboard/SalesTrendsChart.tsx(1,1): error TS6133: 'React' is declared but its value is never read.
src/components/dashboard/SalesTrendsChart.tsx(53,15): error TS2322: Type '(value: number) => [string, undefined]' is not assignable to type 'Formatter<ValueType, NameType> & ((value: ValueType, name: NameType, item: TooltipPayloadEntry, index: number, payload: TooltipPayload) => ReactNode | [...])'.
  Type '(value: number) => [string, undefined]' is not assignable to type 'Formatter<ValueType, NameType>'.
    Types of parameters 'value' and 'value' are incompatible.
      Type 'ValueType | undefined' is not assignable to type 'number'.
        Type 'undefined' is not assignable to type 'number'.
